2026-03-14 23:45:33,406 - INFO - Speakers: 400 | Train/Dev/Test files: 113291/14238/14071
2026-03-14 23:45:33,406 - INFO - 
==================================================
Training SEGMENTAL model
==================================================
2026-03-14 23:47:28,422 - INFO - Loaded 1284627 samples
2026-03-14 23:47:42,368 - INFO - Loaded 161074 samples
2026-03-14 23:47:56,409 - INFO - Loaded 159765 samples
2026-03-14 23:50:22,554 - INFO - Epoch 10: train_loss=1.2962, dev_loss=1.2952, dev_acc=0.3990
2026-03-14 23:52:48,023 - INFO - Epoch 20: train_loss=1.2960, dev_loss=1.2955, dev_acc=0.3990
2026-03-14 23:55:13,511 - INFO - Epoch 30: train_loss=1.2959, dev_loss=1.2952, dev_acc=0.3990
2026-03-14 23:57:40,065 - INFO - Epoch 40: train_loss=1.2959, dev_loss=1.2952, dev_acc=0.3990
2026-03-15 00:00:06,771 - INFO - Epoch 50: train_loss=1.2958, dev_loss=1.2952, dev_acc=0.3990
2026-03-15 00:02:32,847 - INFO - Epoch 60: train_loss=1.2958, dev_loss=1.2953, dev_acc=0.3990
2026-03-15 00:04:29,968 - INFO - Early stopping at epoch 68
2026-03-15 00:04:31,187 - INFO - [SEGMENTAL] Test: loss=1.2948, acc=0.4023
2026-03-15 00:04:31,187 - INFO - 
==================================================
Training PROSODIC model
==================================================
2026-03-15 00:06:24,356 - INFO - Loaded 1284627 samples
2026-03-15 00:06:38,378 - INFO - Loaded 161074 samples
2026-03-15 00:06:52,351 - INFO - Loaded 159765 samples
2026-03-15 00:09:24,507 - INFO - Epoch 10: train_loss=1.3342, dev_loss=1.3334, dev_acc=0.3723
2026-03-15 00:11:55,391 - INFO - Epoch 20: train_loss=1.3331, dev_loss=1.3322, dev_acc=0.3730
2026-03-15 00:14:25,436 - INFO - Epoch 30: train_loss=1.3324, dev_loss=1.3315, dev_acc=0.3739
2026-03-15 00:16:56,300 - INFO - Epoch 40: train_loss=1.3319, dev_loss=1.3314, dev_acc=0.3738
2026-03-15 00:19:27,024 - INFO - Epoch 50: train_loss=1.3316, dev_loss=1.3310, dev_acc=0.3739
2026-03-15 00:21:58,825 - INFO - Epoch 60: train_loss=1.3315, dev_loss=1.3308, dev_acc=0.3744
2026-03-15 00:24:30,367 - INFO - Epoch 70: train_loss=1.3313, dev_loss=1.3310, dev_acc=0.3747
2026-03-15 00:27:01,946 - INFO - Epoch 80: train_loss=1.3312, dev_loss=1.3304, dev_acc=0.3755
2026-03-15 00:29:33,128 - INFO - Epoch 90: train_loss=1.3308, dev_loss=1.3305, dev_acc=0.3746
2026-03-15 00:32:04,461 - INFO - Epoch 100: train_loss=1.3308, dev_loss=1.3304, dev_acc=0.3744
2026-03-15 00:32:05,602 - INFO - [PROSODIC] Test: loss=1.3279, acc=0.3751
2026-03-15 00:32:05,602 - INFO - 
==================================================
Training COMBINED model
==================================================
2026-03-15 00:33:58,194 - INFO - Loaded 1284627 samples
2026-03-15 00:34:12,234 - INFO - Loaded 161074 samples
2026-03-15 00:34:26,201 - INFO - Loaded 159765 samples
2026-03-15 00:37:15,680 - INFO - Epoch 10: train_loss=1.2906, dev_loss=1.2879, dev_acc=0.4056
2026-03-15 00:40:04,749 - INFO - Epoch 20: train_loss=1.2894, dev_loss=1.2873, dev_acc=0.4057
2026-03-15 00:42:54,019 - INFO - Epoch 30: train_loss=1.2886, dev_loss=1.2863, dev_acc=0.4061
2026-03-15 00:45:43,734 - INFO - Epoch 40: train_loss=1.2881, dev_loss=1.2859, dev_acc=0.4070
2026-03-15 00:48:32,710 - INFO - Epoch 50: train_loss=1.2876, dev_loss=1.2855, dev_acc=0.4069
2026-03-15 00:51:21,917 - INFO - Epoch 60: train_loss=1.2872, dev_loss=1.2855, dev_acc=0.4067
2026-03-15 00:54:10,739 - INFO - Epoch 70: train_loss=1.2870, dev_loss=1.2850, dev_acc=0.4073
2026-03-15 00:57:00,776 - INFO - Epoch 80: train_loss=1.2869, dev_loss=1.2848, dev_acc=0.4074
2026-03-15 00:59:49,799 - INFO - Epoch 90: train_loss=1.2866, dev_loss=1.2846, dev_acc=0.4085
2026-03-15 01:02:38,579 - INFO - Epoch 100: train_loss=1.2865, dev_loss=1.2846, dev_acc=0.4079
2026-03-15 01:02:39,921 - INFO - [COMBINED] Test: loss=1.2833, acc=0.4102
2026-03-15 01:02:39,921 - INFO - 
==================================================
SUMMARY
==================================================
2026-03-15 01:02:39,921 - INFO - segmental    | Loss: 1.2948 | Acc: 0.4023
2026-03-15 01:02:39,921 - INFO - prosodic     | Loss: 1.3279 | Acc: 0.3751
2026-03-15 01:02:39,921 - INFO - combined     | Loss: 1.2833 | Acc: 0.4102
2026-03-15 01:02:39,921 - INFO - 
Info gain from prosody: 0.0115 nats
2026-03-15 01:02:39,921 - INFO - Info gain from segmental: 0.0447 nats