2026-03-15 02:50:02,826 - INFO - Loading data...
2026-03-15 02:51:31,684 - INFO - Samples: train=1284627, dev=161074, test=159765
2026-03-15 02:51:31,735 - INFO - 
========================================
Training SEGMENTAL model
========================================
2026-03-15 02:51:57,053 - INFO - [SEGMENTAL] NLL=1.3149, Acc=0.3770, C=0.1
2026-03-15 02:51:57,053 - INFO - 
========================================
Training PROSODIC model
========================================
2026-03-15 02:53:02,751 - INFO - [PROSODIC] NLL=1.3403, Acc=0.3720, C=10.0
2026-03-15 02:53:02,751 - INFO - 
========================================
Training COMBINED model
========================================
2026-03-15 02:54:49,504 - INFO - [COMBINED] NLL=1.3139, Acc=0.3826, C=0.01
2026-03-15 02:54:49,504 - INFO - 
========================================
SUMMARY
========================================
2026-03-15 02:54:49,504 - INFO - segmental    | NLL: 1.3149 | Acc: 0.3770
2026-03-15 02:54:49,504 - INFO - prosodic     | NLL: 1.3403 | Acc: 0.3720
2026-03-15 02:54:49,505 - INFO - combined     | NLL: 1.3139 | Acc: 0.3826
2026-03-15 02:54:49,505 - INFO - 
I(Y;P|S) = 0.0011 nats (prosody beyond segmental)
2026-03-15 02:54:49,505 - INFO - I(Y;S|P) = 0.0264 nats (segmental beyond prosody)
