nohup: ignoring input
2026-02-28 05:07:48,418 - INFO - Loading data...
2026-02-28 05:11:38,084 - INFO - Samples: train=1608907, dev=201302, test=200010
2026-02-28 05:11:38,238 - INFO - 
========================================
Training SEGMENTAL model
========================================
2026-02-28 05:17:34,618 - INFO - [SEGMENTAL] NLL=1.2525, Acc=0.4383, C=1.0
2026-02-28 05:17:34,619 - INFO - 
========================================
Training PROSODIC model
========================================
2026-02-28 05:23:20,983 - INFO - [PROSODIC] NLL=1.3374, Acc=0.3787, C=10.0
2026-02-28 05:23:20,984 - INFO - 
========================================
Training COMBINED model
========================================
2026-02-28 06:05:48,023 - INFO - [COMBINED] NLL=1.2516, Acc=0.4426, C=10.0
2026-02-28 06:05:48,023 - INFO - 
========================================
SUMMARY
========================================
2026-02-28 06:05:48,023 - INFO - segmental    | NLL: 1.2525 | Acc: 0.4383
2026-02-28 06:05:48,023 - INFO - prosodic     | NLL: 1.3374 | Acc: 0.3787
2026-02-28 06:05:48,024 - INFO - combined     | NLL: 1.2516 | Acc: 0.4426
2026-02-28 06:05:48,024 - INFO - 
I(Y;P|S) = 0.0009 nats (prosody beyond segmental)
2026-02-28 06:05:48,024 - INFO - I(Y;S|P) = 0.0859 nats (segmental beyond prosody)
