2026-03-16 22:03:56,464 - INFO - Loading data...
2026-03-16 22:05:29,675 - INFO - Samples: train=883911, dev=111925, test=109594
2026-03-16 22:05:30,140 - INFO - 
========================================
Training SEGMENTAL model
========================================
2026-03-16 22:29:36,079 - INFO - [SEGMENTAL] NLL=1.0068, Acc=0.5115, C=0.1
2026-03-16 22:29:36,080 - INFO - 
========================================
Training PROSODIC model
========================================
2026-03-16 22:32:01,991 - INFO - [PROSODIC] NLL=0.9909, Acc=0.5369, C=10.0
2026-03-16 22:32:01,991 - INFO - 
========================================
Training COMBINED model
========================================
2026-03-16 22:55:41,634 - INFO - [COMBINED] NLL=0.9565, Acc=0.5690, C=1.0
2026-03-16 22:55:41,634 - INFO - 
========================================
SUMMARY
========================================
2026-03-16 22:55:41,634 - INFO - segmental    | NLL: 1.0068 | Acc: 0.5115
2026-03-16 22:55:41,634 - INFO - prosodic     | NLL: 0.9909 | Acc: 0.5369
2026-03-16 22:55:41,634 - INFO - combined     | NLL: 0.9565 | Acc: 0.5690
2026-03-16 22:55:41,634 - INFO - 
I(Y;P|S) = 0.0503 nats (prosody beyond segmental)
2026-03-16 22:55:41,634 - INFO - I(Y;S|P) = 0.0344 nats (segmental beyond prosody)
